python : EE.
At line:1 char:1
+ python tests/test_fixes.py > test_output.txt 2>&1
+ ~~~~~~~~~~~~~~~~~~~~~~~~~~~~~~~~~~~~~~~~~~~~~~~~~
    + CategoryInfo          : NotSpecified: (EE.:String) [], Re 
   moteException
    + FullyQualifiedErrorId : NativeCommandError
 
================================================================
======
ERROR: test_permissions_buttons 
(__main__.CampusTrustTestCase.test_permissions_buttons)
----------------------------------------------------------------
------
Traceback (most recent call last):
  File "D:\MLSC 
hackathon\campus-trust\campus-trust\tests\test_fixes.py", line 
115, in test_permissions_buttons
    response = self.app.get(f'/groups/{self.group_id}')
               ^^^^^^^^^^^^^^^^^^^^^^^^^^^^^^^^^^^^^^^^
  File "C:\Users\Ethan Santosh Gade\AppData\Local\Programs\Pytho
n\Python311\Lib\site-packages\werkzeug\test.py", line 1162, in 
get
    return self.open(*args, **kw)
           ^^^^^^^^^^^^^^^^^^^^^^
  File "C:\Users\Ethan Santosh Gade\AppData\Local\Programs\Pytho
n\Python311\Lib\site-packages\flask\testing.py", line 232, in 
open
    response = super().open(
               ^^^^^^^^^^^^^
  File "C:\Users\Ethan Santosh Gade\AppData\Local\Programs\Pytho
n\Python311\Lib\site-packages\werkzeug\test.py", line 1116, in 
open
    response_parts = self.run_wsgi_app(request.environ, 
buffered=buffered)
                     
^^^^^^^^^^^^^^^^^^^^^^^^^^^^^^^^^^^^^^^^^^^^^^^^^^^^^
  File "C:\Users\Ethan Santosh Gade\AppData\Local\Programs\Pytho
n\Python311\Lib\site-packages\werkzeug\test.py", line 988, in 
run_wsgi_app
    rv = run_wsgi_app(self.application, environ, 
buffered=buffered)
         
^^^^^^^^^^^^^^^^^^^^^^^^^^^^^^^^^^^^^^^^^^^^^^^^^^^^^^^^^^
  File "C:\Users\Ethan Santosh Gade\AppData\Local\Programs\Pytho
n\Python311\Lib\site-packages\werkzeug\test.py", line 1264, in 
run_wsgi_app
    app_rv = app(environ, start_response)
             ^^^^^^^^^^^^^^^^^^^^^^^^^^^^
  File "C:\Users\Ethan Santosh Gade\AppData\Local\Programs\Pytho
n\Python311\Lib\site-packages\flask\app.py", line 1478, in 
__call__
    return self.wsgi_app(environ, start_response)
           ^^^^^^^^^^^^^^^^^^^^^^^^^^^^^^^^^^^^^^
  File "C:\Users\Ethan Santosh Gade\AppData\Local\Programs\Pytho
n\Python311\Lib\site-packages\flask\app.py", line 1458, in 
wsgi_app
    response = self.handle_exception(e)
               ^^^^^^^^^^^^^^^^^^^^^^^^
  File "C:\Users\Ethan Santosh Gade\AppData\Local\Programs\Pytho
n\Python311\Lib\site-packages\flask\app.py", line 1455, in 
wsgi_app
    response = self.full_dispatch_request()
               ^^^^^^^^^^^^^^^^^^^^^^^^^^^^
  File "C:\Users\Ethan Santosh Gade\AppData\Local\Programs\Pytho
n\Python311\Lib\site-packages\flask\app.py", line 869, in 
full_dispatch_request
    rv = self.handle_user_exception(e)
         ^^^^^^^^^^^^^^^^^^^^^^^^^^^^^
  File "C:\Users\Ethan Santosh Gade\AppData\Local\Programs\Pytho
n\Python311\Lib\site-packages\flask\app.py", line 867, in 
full_dispatch_request
    rv = self.dispatch_request()
         ^^^^^^^^^^^^^^^^^^^^^^^
  File "C:\Users\Ethan Santosh Gade\AppData\Local\Programs\Pytho
n\Python311\Lib\site-packages\flask\app.py", line 852, in 
dispatch_request
    return self.ensure_sync(self.view_functions[rule.endpoint])(
**view_args)
           ^^^^^^^^^^^^^^^^^^^^^^^^^^^^^^^^^^^^^^^^^^^^^^^^^^^^^
^^^^^^^^^^^^
  File "D:\MLSC hackathon\campus-trust\campus-trust\app.py", 
line 1022, in group_detail
    members = conn.execute('''SELECT u.id, u.name, 
u.student_id, gm.role, gm.status
              ^^^^^^^^^^^^^^^^^^^^^^^^^^^^^^^^^^^^^^^^^^^^^^^^^^
^^^^^^^^^^^^^^^^^^^
sqlite3.OperationalError: no such column: gm.status

================================================================
======
ERROR: test_permissions_buttons 
(__main__.CampusTrustTestCase.test_permissions_buttons)
----------------------------------------------------------------
------
Traceback (most recent call last):
  File "D:\MLSC 
hackathon\campus-trust\campus-trust\tests\test_fixes.py", line 
51, in tearDown
    os.unlink(self.db_path)
PermissionError: [WinError 32] The process cannot access the 
file because it is being used by another process: 
'C:\\Users\\Ethan Santosh 
Gade\\AppData\\Local\\Temp\\tmpghjfqh4b'

----------------------------------------------------------------
------
Ran 2 tests in 0.082s

FAILED (errors=2)
